Benchmarking @verifytype vs @argcheck (isa Int)
BenchmarkTools.Trial: 10000 samples with 1000 evaluations per sample.
 Range (min … max):  1.162 ns … 25.519 ns  ┊ GC (min … max): 0.00% … 0.00%
 Time  (median):     1.172 ns              ┊ GC (median):    0.00%
 Time  (mean ± σ):   1.200 ns ±  0.738 ns  ┊ GC (mean ± σ):  0.00% ± 0.00%

                             █                                
  ▅▁▃▁▁▁▁▁▁▁▁▁▁▁▁▁▁▁▁▁▁▁▁▁▁▁▁█▁▁▇▁▁▁▁▁▁▁▁▁▁▁▁▁▁▁▁▁▁▁▁▁▁▁▁▃▁▂ ▂
  1.16 ns        Histogram: frequency by time        1.18 ns <

 Memory estimate: 0 bytes, allocs estimate: 0.
BenchmarkTools.Trial: 10000 samples with 1000 evaluations per sample.
 Range (min … max):  1.152 ns … 23.556 ns  ┊ GC (min … max): 0.00% … 0.00%
 Time  (median):     1.172 ns              ┊ GC (median):    0.00%
 Time  (mean ± σ):   1.198 ns ±  0.655 ns  ┊ GC (mean ± σ):  0.00% ± 0.00%

          █                                                   
  ▂▁▁▁█▁▁▁█▇▁▁▁█▁▁▁▃▂▁▁▁▂▁▁▁▁▂▁▁▁▁▁▁▁▂▁▁▁▁▂▁▁▁▂▂▁▁▁▂▁▁▁▁▁▁▁▂ ▂
  1.15 ns        Histogram: frequency by time        1.28 ns <

 Memory estimate: 0 bytes, allocs estimate: 0.

Benchmarking @verifytrue vs @argcheck (x > 0)
BenchmarkTools.Trial: 10000 samples with 1000 evaluations per sample.
 Range (min … max):  6.092 ns … 139.930 ns  ┊ GC (min … max): 0.00% … 0.00%
 Time  (median):     6.232 ns               ┊ GC (median):    0.00%
 Time  (mean ± σ):   6.450 ns ±   3.175 ns  ┊ GC (mean ± σ):  0.00% ± 0.00%

    ▃▅█▂▄▂▅▁                                                  ▁
  ▃▃█████████▄▁▄▄▄▆▄▄▄▃▁▄▃▁▃▄▁▃▃▃▁▁▃▁▃▃▄▄▁▁▃▁▃▁▃▄▄▄▁▃▃▄▁▁▁▃▁▃ █
  6.09 ns      Histogram: log(frequency) by time      7.74 ns <

 Memory estimate: 0 bytes, allocs estimate: 0.
BenchmarkTools.Trial: 10000 samples with 1000 evaluations per sample.
 Range (min … max):  3.316 ns … 68.873 ns  ┊ GC (min … max): 0.00% … 0.00%
 Time  (median):     3.386 ns              ┊ GC (median):    0.00%
 Time  (mean ± σ):   3.469 ns ±  1.457 ns  ┊ GC (mean ± σ):  0.00% ± 0.00%

        █                                                     
  ▂▂▄▃▇▅█▂▁▁▂▂▂▁▂▁▁▁▂▂▂▂▁▂▁▂▁▂▁▂▁▂▂▂▁▁▁▂▂▁▁▂▁▁▁▁▁▁▁▂▁▂▂▁▁▁▁▂ ▂
  3.32 ns        Histogram: frequency by time        3.99 ns <

 Memory estimate: 0 bytes, allocs estimate: 0.

Benchmarking @verifytrue vs @argcheck (x > 0)
BenchmarkTools.Trial: 10000 samples with 999 evaluations per sample.
 Range (min … max):  7.311 ns … 58.070 ns  ┊ GC (min … max): 0.00% … 0.00%
 Time  (median):     7.451 ns              ┊ GC (median):    0.00%
 Time  (mean ± σ):   7.614 ns ±  1.726 ns  ┊ GC (mean ± σ):  0.00% ± 0.00%

     █                                                        
  ▂▃▃█▇▆▂▂▂▂▂▂▂▂▂▂▁▂▁▂▁▂▁▂▂▁▂▂▂▂▂▂▂▂▂▂▁▂▂▂▁▂▂▂▂▂▂▂▂▂▂▂▂▂▂▁▂▂ ▂
  7.31 ns        Histogram: frequency by time        9.36 ns <

 Memory estimate: 0 bytes, allocs estimate: 0.
BenchmarkTools.Trial: 10000 samples with 999 evaluations per sample.
 Range (min … max):  7.903 ns … 58.260 ns  ┊ GC (min … max): 0.00% … 0.00%
 Time  (median):     7.913 ns              ┊ GC (median):    0.00%
 Time  (mean ± σ):   8.257 ns ±  1.916 ns  ┊ GC (mean ± σ):  0.00% ± 0.00%

  █▃             ▂▂▄▃▂                                       ▁
  ██▅▃▁▄▆▅▄▄▄▁▅▄▄█████▄▄▄▅▄▃▃▃▄▄▅▄▅▁▄▄▄▅▄▄▅▄▃▃▄▃▄▅▃▄▅▄▄▃▄▄▅▄ █
  7.9 ns       Histogram: log(frequency) by time     10.8 ns <

 Memory estimate: 0 bytes, allocs estimate: 0.
